C:\DataDistributionTest\DataDistributionTest\Temp\Includes\AS_TempDecl\ControlPLC_DataDistribution\GlobalComponents\MpComponents.var
C:\DataDistributionTest\DataDistributionTest\Logical\Global.typ
C:\DataDistributionTest\DataDistributionTest\Logical\Global.var
C:\DataDistributionTest\DataDistributionTest\Logical\MachineControl\MachineControl.typ
C:\DataDistributionTest\DataDistributionTest\Logical\MachineControl\MachineControl.var
C:\DataDistributionTest\DataDistributionTest\Logical\MachineControl\MachineMode\MachineMode.typ
C:\DataDistributionTest\DataDistributionTest\Logical\MachineControl\MachineMode\MachineMode.var
C:\DataDistributionTest\DataDistributionTest\Logical\Automation\Types.typ
C:\DataDistributionTest\DataDistributionTest\Logical\Automation\Variables.var
C:\DataDistributionTest\DataDistributionTest\Logical\ProcessControl\VFLCR\VFLCR.typ
C:\DataDistributionTest\DataDistributionTest\Logical\ProcessControl\VFLCR\OPCUA.typ
C:\DataDistributionTest\DataDistributionTest\Logical\ProcessControl\VFLCR\VFLCR.var
C:\DataDistributionTest\DataDistributionTest\Logical\Infrastructure\Infrastructure.typ
C:\DataDistributionTest\DataDistributionTest\Logical\Infrastructure\Infrastructure.var
C:\DataDistributionTest\DataDistributionTest\Logical\Infrastructure\RevInfo\RevInfo.var
C:\DataDistributionTest\DataDistributionTest\Logical\Infrastructure\Alarms\Alarms.typ
C:\DataDistributionTest\DataDistributionTest\Logical\Infrastructure\Alarms\Alarms.var
C:\DataDistributionTest\DataDistributionTest\Logical\Libraries\AS\operator\operator.fun
C:\DataDistributionTest\DataDistributionTest\Logical\Libraries\AS\operator\operator.typ
C:\DataDistributionTest\DataDistributionTest\Logical\Libraries\AS\operator\operator.var
C:\DataDistributionTest\DataDistributionTest\Logical\Libraries\AS\runtime\runtime.fun
C:\DataDistributionTest\DataDistributionTest\Logical\Libraries\AS\runtime\runtime.typ
C:\DataDistributionTest\DataDistributionTest\Logical\Libraries\AS\runtime\runtime.var
C:\DataDistributionTest\DataDistributionTest\Logical\Libraries\AS\astime\astime.fun
C:\DataDistributionTest\DataDistributionTest\Logical\Libraries\AS\astime\astime.typ
C:\DataDistributionTest\DataDistributionTest\Logical\Libraries\AS\astime\astime.var
C:\DataDistributionTest\DataDistributionTest\Logical\Libraries\AS\AsIecCon\AsIecCon.fun
C:\DataDistributionTest\DataDistributionTest\Logical\Libraries\AS\AsIecCon\AsIecCon.typ
C:\DataDistributionTest\DataDistributionTest\Logical\Libraries\AS\AsIecCon\AsIecCon.var
C:\DataDistributionTest\DataDistributionTest\Logical\Libraries\AS\AsZip\AsZip.fun
C:\DataDistributionTest\DataDistributionTest\Logical\Libraries\AS\AsZip\AsZip.typ
C:\DataDistributionTest\DataDistributionTest\Logical\Libraries\AS\AsZip\AsZip.var
C:\DataDistributionTest\DataDistributionTest\Logical\Libraries\AS\FileIO\FileIO.fun
C:\DataDistributionTest\DataDistributionTest\Logical\Libraries\AS\FileIO\FileIO.typ
C:\DataDistributionTest\DataDistributionTest\Logical\Libraries\AS\FileIO\FileIO.var
C:\DataDistributionTest\DataDistributionTest\Logical\Libraries\AS\AsGuard\AsGuard.fun
C:\DataDistributionTest\DataDistributionTest\Logical\Libraries\AS\AsGuard\AsGuard.typ
C:\DataDistributionTest\DataDistributionTest\Logical\Libraries\AS\AsGuard\AsGuard.var
C:\DataDistributionTest\DataDistributionTest\Logical\Libraries\AS\AsIODiag\AsIODiag.fun
C:\DataDistributionTest\DataDistributionTest\Logical\Libraries\AS\AsIODiag\AsIODiag.typ
C:\DataDistributionTest\DataDistributionTest\Logical\Libraries\AS\AsIODiag\AsIODiag.var
C:\DataDistributionTest\DataDistributionTest\Logical\Libraries\AS\sys_lib\sys_lib.fun
C:\DataDistributionTest\DataDistributionTest\Logical\Libraries\AS\sys_lib\sys_lib.typ
C:\DataDistributionTest\DataDistributionTest\Logical\Libraries\AS\sys_lib\sys_lib.var
C:\DataDistributionTest\DataDistributionTest\Logical\Libraries\AS\AsBrStr\AsBrStr.fun
C:\DataDistributionTest\DataDistributionTest\Logical\Libraries\AS\AsBrStr\AsBrStr.typ
C:\DataDistributionTest\DataDistributionTest\Logical\Libraries\AS\AsBrStr\AsBrStr.var
C:\DataDistributionTest\DataDistributionTest\Logical\Libraries\AS\standard\standard.fun
C:\DataDistributionTest\DataDistributionTest\Logical\Libraries\AS\standard\standard.typ
C:\DataDistributionTest\DataDistributionTest\Logical\Libraries\AS\standard\standard.var
C:\DataDistributionTest\DataDistributionTest\Logical\Libraries\AS\AsArLog\AsArLog.fun
C:\DataDistributionTest\DataDistributionTest\Logical\Libraries\AS\AsArLog\AsArLog.typ
C:\DataDistributionTest\DataDistributionTest\Logical\Libraries\AS\AsArLog\AsArLog.var
C:\DataDistributionTest\DataDistributionTest\Logical\Libraries\AS\ArEventLog\ArEventLog.fun
C:\DataDistributionTest\DataDistributionTest\Logical\Libraries\AS\ArEventLog\ArEventLog.typ
C:\DataDistributionTest\DataDistributionTest\Logical\Libraries\AS\ArEventLog\ArEventLog.var
C:\DataDistributionTest\DataDistributionTest\Logical\Libraries\AS\AsHttp\AsHttp.fun
C:\DataDistributionTest\DataDistributionTest\Logical\Libraries\AS\AsHttp\AsHttp.typ
C:\DataDistributionTest\DataDistributionTest\Logical\Libraries\AS\AsHttp\AsHttp.var
C:\DataDistributionTest\DataDistributionTest\Logical\Libraries\AS\AsBrWStr\AsBrWStr.fun
C:\DataDistributionTest\DataDistributionTest\Logical\Libraries\AS\AsBrWStr\AsBrWStr.typ
C:\DataDistributionTest\DataDistributionTest\Logical\Libraries\AS\AsBrWStr\AsBrWStr.var
C:\DataDistributionTest\DataDistributionTest\Logical\Libraries\AS\AsTCP\AsTCP.fun
C:\DataDistributionTest\DataDistributionTest\Logical\Libraries\AS\AsTCP\AsTCP.typ
C:\DataDistributionTest\DataDistributionTest\Logical\Libraries\AS\AsTCP\AsTCP.var
C:\DataDistributionTest\DataDistributionTest\Logical\Libraries\AS\AsXml\AsXml.fun
C:\DataDistributionTest\DataDistributionTest\Logical\Libraries\AS\AsXml\AsXml.typ
C:\DataDistributionTest\DataDistributionTest\Logical\Libraries\AS\AsXml\AsXml.var
C:\DataDistributionTest\DataDistributionTest\Logical\Libraries\AS\LoopConR\LoopConR.var
C:\DataDistributionTest\DataDistributionTest\Logical\Libraries\AS\LoopConR\LoopConR.typ
C:\DataDistributionTest\DataDistributionTest\Logical\Libraries\AS\LoopConR\LoopConR.fun
C:\DataDistributionTest\DataDistributionTest\Logical\Libraries\AS\AsBrMath\AsBrMath.fun
C:\DataDistributionTest\DataDistributionTest\Logical\Libraries\AS\AsBrMath\AsBrMath.typ
C:\DataDistributionTest\DataDistributionTest\Logical\Libraries\AS\AsBrMath\AsBrMath.var
C:\DataDistributionTest\DataDistributionTest\Logical\Libraries\AS\LoopCont\LoopCont.var
C:\DataDistributionTest\DataDistributionTest\Logical\Libraries\AS\LoopCont\LoopCont.typ
C:\DataDistributionTest\DataDistributionTest\Logical\Libraries\AS\LoopCont\LoopCont.fun
C:\DataDistributionTest\DataDistributionTest\Logical\Libraries\AS\MTTypes\MTTypes.fun
C:\DataDistributionTest\DataDistributionTest\Logical\Libraries\AS\MTTypes\MTTypes.typ
C:\DataDistributionTest\DataDistributionTest\Logical\Libraries\AS\MTTypes\MTTypes.var
C:\DataDistributionTest\DataDistributionTest\Logical\Libraries\AS\brsystem\brsystem.fun
C:\DataDistributionTest\DataDistributionTest\Logical\Libraries\AS\brsystem\brsystem.typ
C:\DataDistributionTest\DataDistributionTest\Logical\Libraries\AS\brsystem\brsystem.var
C:\DataDistributionTest\DataDistributionTest\Logical\Libraries\AS\McBase\McBase.typ
C:\DataDistributionTest\DataDistributionTest\Logical\Libraries\AS\McBase\McBase.fun
C:\DataDistributionTest\DataDistributionTest\Logical\Libraries\AS\McBase\McBase.var
C:\DataDistributionTest\DataDistributionTest\Logical\Libraries\AS\McBase\McBaseCfg.typ
C:\DataDistributionTest\DataDistributionTest\Logical\Libraries\AS\McPathGen\McPathGen.typ
C:\DataDistributionTest\DataDistributionTest\Logical\Libraries\AS\McPathGen\McPathGen.fun
C:\DataDistributionTest\DataDistributionTest\Logical\Libraries\AS\McPathGen\McPathGen.var
C:\DataDistributionTest\DataDistributionTest\Logical\Libraries\AS\McPathGen\McPathGenCfg.typ
C:\DataDistributionTest\DataDistributionTest\Logical\Libraries\AS\MpAxis\MpAxis.fun
C:\DataDistributionTest\DataDistributionTest\Logical\Libraries\AS\MpAxis\MpAxis.typ
C:\DataDistributionTest\DataDistributionTest\Logical\Libraries\AS\MpAxis\MpAxisError.typ
C:\DataDistributionTest\DataDistributionTest\Logical\Libraries\AS\McPureVAx\McPureVAx.typ
C:\DataDistributionTest\DataDistributionTest\Logical\Libraries\AS\McPureVAx\McPureVAx.fun
C:\DataDistributionTest\DataDistributionTest\Logical\Libraries\AS\McPureVAx\McPureVAx.var
C:\DataDistributionTest\DataDistributionTest\Logical\Libraries\AS\McPureVAx\McPureVAxCfg.typ
C:\DataDistributionTest\DataDistributionTest\Logical\Libraries\AS\McAcpAx\McAcpAx.typ
C:\DataDistributionTest\DataDistributionTest\Logical\Libraries\AS\McAcpAx\McAcpAx.fun
C:\DataDistributionTest\DataDistributionTest\Logical\Libraries\AS\McAcpAx\McAcpAx.var
C:\DataDistributionTest\DataDistributionTest\Logical\Libraries\AS\McAcpAx\McAcpAxCfg.typ
C:\DataDistributionTest\DataDistributionTest\Logical\Libraries\AS\McAxis\McAxis.typ
C:\DataDistributionTest\DataDistributionTest\Logical\Libraries\AS\McAxis\McAxis.fun
C:\DataDistributionTest\DataDistributionTest\Logical\Libraries\AS\McAxis\McAxis.var
C:\DataDistributionTest\DataDistributionTest\Logical\Libraries\AS\McAxis\McAxisCfg.typ
C:\DataDistributionTest\DataDistributionTest\Logical\Libraries\AS\McProgInt\McProgInt.typ
C:\DataDistributionTest\DataDistributionTest\Logical\Libraries\AS\McProgInt\McProgInt.fun
C:\DataDistributionTest\DataDistributionTest\Logical\Libraries\AS\McProgInt\McProgInt.var
C:\DataDistributionTest\DataDistributionTest\Logical\Libraries\AS\McProgInt\McProgIntCfg.typ
C:\DataDistributionTest\DataDistributionTest\Logical\Libraries\AS\McAxGroup\McAxGroup.typ
C:\DataDistributionTest\DataDistributionTest\Logical\Libraries\AS\McAxGroup\McAxGroup.fun
C:\DataDistributionTest\DataDistributionTest\Logical\Libraries\AS\McAxGroup\McAxGroup.var
C:\DataDistributionTest\DataDistributionTest\Logical\Libraries\AS\McAxGroup\McAxGroupCfg.typ
C:\DataDistributionTest\DataDistributionTest\Logical\Libraries\AS\MpBase\MpBase.var
C:\DataDistributionTest\DataDistributionTest\Logical\Libraries\AS\MpBase\MpBase.typ
C:\DataDistributionTest\DataDistributionTest\Logical\Libraries\AS\MpBase\MpBase.fun
C:\DataDistributionTest\DataDistributionTest\Logical\Libraries\AS\MpCnc\MpCnc.fun
C:\DataDistributionTest\DataDistributionTest\Logical\Libraries\AS\MpCnc\MpCnc.typ
C:\DataDistributionTest\DataDistributionTest\Logical\Libraries\AS\MpCnc\MpCncError.typ
C:\DataDistributionTest\DataDistributionTest\Logical\Libraries\AS\SfDomain\SfDomain.var
C:\DataDistributionTest\DataDistributionTest\Logical\Libraries\AS\SfDomain\SfDomain.typ
C:\DataDistributionTest\DataDistributionTest\Logical\Libraries\AS\SfDomain\SfDomainError.typ
C:\DataDistributionTest\DataDistributionTest\Logical\Libraries\AS\SfDomain\SfDomain.fun
C:\DataDistributionTest\DataDistributionTest\Logical\Libraries\AS\MpAlarmX\MpAlarmX.typ
C:\DataDistributionTest\DataDistributionTest\Logical\Libraries\AS\MpAlarmX\MpAlarmXError.typ
C:\DataDistributionTest\DataDistributionTest\Logical\Libraries\AS\MpAlarmX\MpAlarmX.fun
C:\DataDistributionTest\DataDistributionTest\Logical\Libraries\AS\MpCom\MpCom.var
C:\DataDistributionTest\DataDistributionTest\Logical\Libraries\AS\MpCom\MpCom.typ
C:\DataDistributionTest\DataDistributionTest\Logical\Libraries\AS\MpCom\MpComError.typ
C:\DataDistributionTest\DataDistributionTest\Logical\Libraries\AS\MpCom\MpCom.fun
C:\DataDistributionTest\DataDistributionTest\Logical\Libraries\AS\MpRecipe\MpRecipe.typ
C:\DataDistributionTest\DataDistributionTest\Logical\Libraries\AS\MpRecipe\MpRecipeAlarm.typ
C:\DataDistributionTest\DataDistributionTest\Logical\Libraries\AS\MpRecipe\MpRecipeError.typ
C:\DataDistributionTest\DataDistributionTest\Logical\Libraries\AS\MpRecipe\MpRecipe.fun
C:\DataDistributionTest\DataDistributionTest\Logical\Libraries\AS\MTData\MTData.fun
C:\DataDistributionTest\DataDistributionTest\Logical\Libraries\AS\MTData\MTData.typ
C:\DataDistributionTest\DataDistributionTest\Logical\Libraries\AS\MTData\MTData.var
C:\DataDistributionTest\DataDistributionTest\Logical\Libraries\AS\CoTrace\CoTrace.fun
C:\DataDistributionTest\DataDistributionTest\Logical\Libraries\AS\CoTrace\CoTrace.typ
C:\DataDistributionTest\DataDistributionTest\Logical\Libraries\AS\CoTrace\CoTrace.var
C:\DataDistributionTest\DataDistributionTest\Logical\Libraries\AS\MTLookUp\MTLookUp.fun
C:\DataDistributionTest\DataDistributionTest\Logical\Libraries\AS\MTLookUp\MTLookUp.typ
C:\DataDistributionTest\DataDistributionTest\Logical\Libraries\AS\MTLookUp\MTLookUp.var
C:\DataDistributionTest\DataDistributionTest\Logical\Libraries\AS\AsIoTime\AsIOTime.fun
C:\DataDistributionTest\DataDistributionTest\Logical\Libraries\AS\AsIoTime\AsIOTime.typ
C:\DataDistributionTest\DataDistributionTest\Logical\Libraries\AS\AsIoTime\AsIOTime.var
C:\DataDistributionTest\DataDistributionTest\Logical\Libraries\AS\AsARCfg\AsARCfg.fun
C:\DataDistributionTest\DataDistributionTest\Logical\Libraries\AS\AsARCfg\AsARCfg.typ
C:\DataDistributionTest\DataDistributionTest\Logical\Libraries\AS\AsARCfg\AsARCfg.var
C:\DataDistributionTest\DataDistributionTest\Logical\Libraries\AS\MpWebXs\MpWebXs.fun
C:\DataDistributionTest\DataDistributionTest\Logical\Libraries\AS\AsArSdm\AsArSdm.fun
C:\DataDistributionTest\DataDistributionTest\Logical\Libraries\AS\AsArSdm\AsArSdm.typ
C:\DataDistributionTest\DataDistributionTest\Logical\Libraries\AS\AsArSdm\AsArSdm.var
C:\DataDistributionTest\DataDistributionTest\Logical\Libraries\AS\MpUserX\MpUserX.typ
C:\DataDistributionTest\DataDistributionTest\Logical\Libraries\AS\MpUserX\MpUserXError.typ
C:\DataDistributionTest\DataDistributionTest\Logical\Libraries\AS\MpUserX\MpUserXAlarm.typ
C:\DataDistributionTest\DataDistributionTest\Logical\Libraries\AS\MpUserX\MpUserX.fun
C:\DataDistributionTest\DataDistributionTest\Logical\Libraries\AS\IotMqtt\Types.typ
C:\DataDistributionTest\DataDistributionTest\Logical\Libraries\AS\IotMqtt\Constants.var
C:\DataDistributionTest\DataDistributionTest\Logical\Libraries\AS\IotMqtt\IotMqtt.fun
C:\DataDistributionTest\DataDistributionTest\Logical\Libraries\Loupe\piper\Piper.typ
C:\DataDistributionTest\DataDistributionTest\Logical\Libraries\Loupe\piper\Piper.var
C:\DataDistributionTest\DataDistributionTest\Logical\Libraries\Loupe\piper\Piper.fun
C:\DataDistributionTest\DataDistributionTest\Logical\Libraries\Loupe\fiowrap\FIOWrap.typ
C:\DataDistributionTest\DataDistributionTest\Logical\Libraries\Loupe\fiowrap\FIOWrap.var
C:\DataDistributionTest\DataDistributionTest\Logical\Libraries\Loupe\fiowrap\FIOWrap.fun
C:\DataDistributionTest\DataDistributionTest\Logical\Libraries\Loupe\messagebox\MessageBox.typ
C:\DataDistributionTest\DataDistributionTest\Logical\Libraries\Loupe\messagebox\MessageBox.var
C:\DataDistributionTest\DataDistributionTest\Logical\Libraries\Loupe\messagebox\MessageBox.fun
C:\DataDistributionTest\DataDistributionTest\Logical\Libraries\Loupe\ringbuflib\RingBufLib.typ
C:\DataDistributionTest\DataDistributionTest\Logical\Libraries\Loupe\ringbuflib\RingBufLib.fun
C:\DataDistributionTest\DataDistributionTest\Logical\Libraries\Loupe\hmitools\HMITools.typ
C:\DataDistributionTest\DataDistributionTest\Logical\Libraries\Loupe\hmitools\HMITools.var
C:\DataDistributionTest\DataDistributionTest\Logical\Libraries\Loupe\hmitools\HMITools.fun
C:\DataDistributionTest\DataDistributionTest\Logical\Libraries\Loupe\hmitools\HMI_Basic.typ
C:\DataDistributionTest\DataDistributionTest\Logical\Libraries\Loupe\hmitools\HMI_Basic.var
C:\DataDistributionTest\DataDistributionTest\Logical\Libraries\Loupe\hmitools\HMI_File_Browse.typ
C:\DataDistributionTest\DataDistributionTest\Logical\Libraries\Loupe\hmitools\LogViewer.typ
C:\DataDistributionTest\DataDistributionTest\Logical\Libraries\Loupe\hmitools\EditorControl.typ
C:\DataDistributionTest\DataDistributionTest\Logical\Libraries\Loupe\hmitools\HMI_Trend.typ
C:\DataDistributionTest\DataDistributionTest\Logical\Libraries\Loupe\hmitools\RecipeMgr.typ
C:\DataDistributionTest\DataDistributionTest\Logical\Libraries\Loupe\hmitools\Updater.typ
C:\DataDistributionTest\DataDistributionTest\Logical\Libraries\Loupe\logthat\Types.typ
C:\DataDistributionTest\DataDistributionTest\Logical\Libraries\Loupe\logthat\Constants.var
C:\DataDistributionTest\DataDistributionTest\Logical\Libraries\Loupe\logthat\LogThat.fun
C:\DataDistributionTest\DataDistributionTest\Logical\Libraries\Loupe\errorAPI\Types.typ
C:\DataDistributionTest\DataDistributionTest\Logical\Libraries\Loupe\errorAPI\Constants.var
C:\DataDistributionTest\DataDistributionTest\Logical\Libraries\Loupe\errorAPI\errorAPI.fun
C:\DataDistributionTest\DataDistributionTest\Logical\Libraries\Loupe\bodyguard\Types.typ
C:\DataDistributionTest\DataDistributionTest\Logical\Libraries\Loupe\bodyguard\Constants.var
C:\DataDistributionTest\DataDistributionTest\Logical\Libraries\Loupe\bodyguard\bodyGuard.fun
C:\DataDistributionTest\DataDistributionTest\Logical\Libraries\Loupe\stringext\StringExt.typ
C:\DataDistributionTest\DataDistributionTest\Logical\Libraries\Loupe\stringext\StringExt.var
C:\DataDistributionTest\DataDistributionTest\Logical\Libraries\Loupe\stringext\StringExt.fun
C:\DataDistributionTest\DataDistributionTest\Logical\Libraries\Loupe\tcpcomm\TCPComm.var
C:\DataDistributionTest\DataDistributionTest\Logical\Libraries\Loupe\tcpcomm\TCPStream.typ
C:\DataDistributionTest\DataDistributionTest\Logical\Libraries\Loupe\tcpcomm\TCPConnectionMgr.typ
C:\DataDistributionTest\DataDistributionTest\Logical\Libraries\Loupe\tcpcomm\TCPComm.fun
C:\DataDistributionTest\DataDistributionTest\Logical\Libraries\Loupe\DataBuffer\DataBuffer.typ
C:\DataDistributionTest\DataDistributionTest\Logical\Libraries\Loupe\DataBuffer\DataBuffer.var
C:\DataDistributionTest\DataDistributionTest\Logical\Libraries\Loupe\DataBuffer\DataBuffer.fun
C:\DataDistributionTest\DataDistributionTest\Logical\Libraries\Loupe\Finder\Types.typ
C:\DataDistributionTest\DataDistributionTest\Logical\Libraries\Loupe\Finder\Constants.var
C:\DataDistributionTest\DataDistributionTest\Logical\Libraries\Loupe\Finder\Finder.fun
C:\DataDistributionTest\DataDistributionTest\Logical\Libraries\Loupe\hammers\Hammers.typ
C:\DataDistributionTest\DataDistributionTest\Logical\Libraries\Loupe\hammers\Hammers.var
C:\DataDistributionTest\DataDistributionTest\Logical\Libraries\Loupe\hammers\Hammers.fun
C:\DataDistributionTest\DataDistributionTest\Logical\Libraries\Loupe\hammers\TempSensor.typ
C:\DataDistributionTest\DataDistributionTest\Logical\Libraries\Loupe\atn\atn.typ
C:\DataDistributionTest\DataDistributionTest\Logical\Libraries\Loupe\atn\atn.var
C:\DataDistributionTest\DataDistributionTest\Logical\Libraries\Loupe\atn\atn.fun
C:\DataDistributionTest\DataDistributionTest\Logical\Libraries\Loupe\axislib\Types.typ
C:\DataDistributionTest\DataDistributionTest\Logical\Libraries\Loupe\axislib\Constants.var
C:\DataDistributionTest\DataDistributionTest\Logical\Libraries\Loupe\axislib\AxisLib.fun
C:\DataDistributionTest\DataDistributionTest\Logical\Libraries\Loupe\omjson\OMJSON.typ
C:\DataDistributionTest\DataDistributionTest\Logical\Libraries\Loupe\omjson\OMJSON.var
C:\DataDistributionTest\DataDistributionTest\Logical\Libraries\Loupe\omjson\OMJSON.fun
C:\DataDistributionTest\DataDistributionTest\Logical\Libraries\Loupe\csvfilelib\CSVFileLib.typ
C:\DataDistributionTest\DataDistributionTest\Logical\Libraries\Loupe\csvfilelib\CSVFileLib.var
C:\DataDistributionTest\DataDistributionTest\Logical\Libraries\Loupe\csvfilelib\CSVFileLib.fun
C:\DataDistributionTest\DataDistributionTest\Logical\Libraries\Loupe\csvfilelib\CSVFileLib_enum.typ
C:\DataDistributionTest\DataDistributionTest\Logical\Libraries\Loupe\csvfilelib\CSVFileMgr.typ
C:\DataDistributionTest\DataDistributionTest\Logical\Libraries\Loupe\csvfilelib\CSVFileMgr_HMI.typ
C:\DataDistributionTest\DataDistributionTest\Logical\Libraries\Loupe\persist\Persist.typ
C:\DataDistributionTest\DataDistributionTest\Logical\Libraries\Loupe\persist\Persist.var
C:\DataDistributionTest\DataDistributionTest\Logical\Libraries\Loupe\persist\Persist.fun
C:\DataDistributionTest\DataDistributionTest\Logical\Libraries\Loupe\vartools\VarTools.typ
C:\DataDistributionTest\DataDistributionTest\Logical\Libraries\Loupe\vartools\VarTools.var
C:\DataDistributionTest\DataDistributionTest\Logical\Libraries\Loupe\vartools\VarTools.fun
C:\DataDistributionTest\DataDistributionTest\Logical\Libraries\VF\VFAlarms\Types.typ
C:\DataDistributionTest\DataDistributionTest\Logical\Libraries\VF\VFAlarms\Constants.var
C:\DataDistributionTest\DataDistributionTest\Logical\Libraries\VF\VFAlarms\VFAlarms.fun
C:\DataDistributionTest\DataDistributionTest\Logical\Libraries\VF\VF_COMMON\VF_COMMON.typ
C:\DataDistributionTest\DataDistributionTest\Logical\Libraries\VF\VF_COMMON\VF_COMMON.var
C:\DataDistributionTest\DataDistributionTest\Logical\Libraries\VF\VF_COMMON\VF_COMMON.fun
C:\DataDistributionTest\DataDistributionTest\Logical\Libraries\VF\ToolBox\Types.typ
C:\DataDistributionTest\DataDistributionTest\Logical\Libraries\VF\ToolBox\Constants.var
C:\DataDistributionTest\DataDistributionTest\Logical\Libraries\VF\ToolBox\ToolBox.fun
C:\DataDistributionTest\DataDistributionTest\Logical\Libraries\VF\VFValve\Types.typ
C:\DataDistributionTest\DataDistributionTest\Logical\Libraries\VF\VFValve\ImportedTypes.typ
C:\DataDistributionTest\DataDistributionTest\Logical\Libraries\VF\VFValve\Constants.var
C:\DataDistributionTest\DataDistributionTest\Logical\Libraries\VF\VFValve\VFValve.fun
C:\DataDistributionTest\DataDistributionTest\Logical\Libraries\VF\VF_PARSER\Types.typ
C:\DataDistributionTest\DataDistributionTest\Logical\Libraries\VF\VF_PARSER\Constants.var
C:\DataDistributionTest\DataDistributionTest\Logical\Libraries\VF\VF_PARSER\VF_PARSER.fun
C:\DataDistributionTest\DataDistributionTest\Logical\Libraries\Testing\UtMgr\UtMgr.fun
C:\DataDistributionTest\DataDistributionTest\Logical\Libraries\Testing\UtMgr\UtMgr.var
C:\DataDistributionTest\DataDistributionTest\Logical\Libraries\Testing\UtMgr\UtMgr.typ
C:\DataDistributionTest\DataDistributionTest\Logical\Libraries\Testing\UtWs\UtWs.fun
C:\DataDistributionTest\DataDistributionTest\Logical\Libraries\ArCert\ArCert.fun
C:\DataDistributionTest\DataDistributionTest\Logical\Libraries\ArCert\ArCert.typ
C:\DataDistributionTest\DataDistributionTest\Logical\Libraries\ArCert\ArCert.var
C:\DataDistributionTest\DataDistributionTest\Logical\Libraries\AsHW\AsHW.fun
C:\DataDistributionTest\DataDistributionTest\Logical\Libraries\AsHW\AsHW.typ
C:\DataDistributionTest\DataDistributionTest\Logical\Libraries\AsHW\AsHW.var
C:\DataDistributionTest\DataDistributionTest\Logical\Libraries\AsETH\AsETH.fun
C:\DataDistributionTest\DataDistributionTest\Logical\Libraries\AsETH\AsETH.typ
C:\DataDistributionTest\DataDistributionTest\Logical\Libraries\AsETH\AsETH.var
C:\DataDistributionTest\DataDistributionTest\Logical\Libraries\MTBasics\MTBasics.fun
C:\DataDistributionTest\DataDistributionTest\Logical\Libraries\MTBasics\MTBasics.typ
C:\DataDistributionTest\DataDistributionTest\Logical\Libraries\MTBasics\MTBasics.var
